../Core/Src/floodfill.c:43:13:push	24	static
../Core/Src/floodfill.c:54:11:pop	32	static
../Core/Src/floodfill.c:70:13:enque	16	static
../Core/Src/floodfill.c:80:11:dequeue	32	static
../Core/Src/floodfill.c:93:13:reset_queue	16	static
../Core/Src/floodfill.c:121:13:service_sensors	8	static
../Core/Src/floodfill.c:136:13:wait_for_movement	8	static
../Core/Src/floodfill.c:145:14:orientation_to_angle	16	static
../Core/Src/floodfill.c:158:13:do_turn_and_forward	24	static
../Core/Src/floodfill.c:174:13:turn_right	8	static
../Core/Src/floodfill.c:180:13:turn_left	8	static
../Core/Src/floodfill.c:186:13:move_forward	8	static
../Core/Src/floodfill.c:192:13:turn_around	8	static
../Core/Src/floodfill.c:199:13:sync_position	4	static
../Core/Src/floodfill.c:214:6:move	16	static
../Core/Src/floodfill.c:250:13:is_valid	24	static
../Core/Src/floodfill.c:257:6:update_cell	24	static
../Core/Src/floodfill.c:350:13:mark_un_updated	24	static
../Core/Src/floodfill.c:370:6:update_maze	40	static
../Core/Src/floodfill.c:411:13:normalize_direction	24	static
../Core/Src/floodfill.c:423:9:next_move	32	static
../Core/Src/floodfill.c:467:6:Floodfill_Init	16	static
../Core/Src/floodfill.c:503:6:Floodfill_Run	96	static
