../Core/Src/floodfill.c:44:13:push	24	static
../Core/Src/floodfill.c:55:11:pop	32	static
../Core/Src/floodfill.c:71:13:enque	16	static
../Core/Src/floodfill.c:81:11:dequeue	32	static
../Core/Src/floodfill.c:94:13:reset_queue	16	static
../Core/Src/floodfill.c:122:13:service_sensors	8	static
../Core/Src/floodfill.c:140:13:wait_for_movement	8	static
../Core/Src/floodfill.c:149:14:orientation_to_angle	16	static
../Core/Src/floodfill.c:162:13:do_turn_and_forward	48	static
../Core/Src/floodfill.c:213:13:turn_right	8	static
../Core/Src/floodfill.c:219:13:turn_left	8	static
../Core/Src/floodfill.c:225:13:move_forward	8	static
../Core/Src/floodfill.c:231:13:turn_around	8	static
../Core/Src/floodfill.c:238:13:sync_position	4	static
../Core/Src/floodfill.c:253:6:move	16	static
../Core/Src/floodfill.c:289:13:is_valid	24	static
../Core/Src/floodfill.c:296:6:update_cell	24	static
../Core/Src/floodfill.c:389:13:mark_un_updated	24	static
../Core/Src/floodfill.c:409:6:update_maze	40	static
../Core/Src/floodfill.c:450:13:normalize_direction	24	static
../Core/Src/floodfill.c:462:9:next_move	32	static
../Core/Src/floodfill.c:506:6:Floodfill_Init	16	static
../Core/Src/floodfill.c:542:6:Floodfill_Run	200	static
