../Core/Src/motor_control.c:54:16:abs_int	16	static
../Core/Src/motor_control.c:58:16:apply_deadband	16	static
../Core/Src/motor_control.c:64:9:get_encoder_right	4	static
../Core/Src/motor_control.c:68:9:get_encoder_left	4	static
../Core/Src/motor_control.c:72:13:reset_pid	4	static
../Core/Src/motor_control.c:79:6:Motor_Control_Init	8	static
../Core/Src/motor_control.c:96:6:Motor_SetPWM_Right	16	static
../Core/Src/motor_control.c:112:6:Motor_SetPWM_Left	16	static
../Core/Src/motor_control.c:128:6:Motor_Control_Stop	8	static
../Core/Src/motor_control.c:138:6:Motor_Move_Cm	24	static
../Core/Src/motor_control.c:148:6:Motor_Turn_Degrees	24	static
../Core/Src/motor_control.c:167:9:Motor_IsMovementComplete	4	static
../Core/Src/motor_control.c:172:6:Motor_Control_Update	88	static
