../Core/Src/motor_control.c:55:16:abs_int	16	static
../Core/Src/motor_control.c:59:16:apply_deadband	16	static
../Core/Src/motor_control.c:65:9:get_encoder_right	4	static
../Core/Src/motor_control.c:69:9:get_encoder_left	4	static
../Core/Src/motor_control.c:73:13:reset_pid	4	static
../Core/Src/motor_control.c:80:6:Motor_Control_Init	8	static
../Core/Src/motor_control.c:97:6:Motor_SetPWM_Right	16	static
../Core/Src/motor_control.c:113:6:Motor_SetPWM_Left	16	static
../Core/Src/motor_control.c:129:6:Motor_Control_Stop	8	static
../Core/Src/motor_control.c:139:6:Motor_Move_Cm	24	static
../Core/Src/motor_control.c:149:6:Motor_Turn_Degrees	24	static
../Core/Src/motor_control.c:168:9:Motor_IsMovementComplete	4	static
../Core/Src/motor_control.c:173:6:Motor_Control_Update	88	static
