../Core/Src/motor_control.c:81:16:abs_int	16	static
../Core/Src/motor_control.c:85:16:apply_deadband	16	static
../Core/Src/motor_control.c:91:9:get_encoder_right	4	static
../Core/Src/motor_control.c:95:9:get_encoder_left	4	static
../Core/Src/motor_control.c:99:13:reset_pid	4	static
../Core/Src/motor_control.c:106:6:Motor_Control_Init	8	static
../Core/Src/motor_control.c:126:6:Motor_SetPWM_Right	16	static
../Core/Src/motor_control.c:142:6:Motor_SetPWM_Left	16	static
../Core/Src/motor_control.c:158:6:Motor_Control_Stop	8	static
../Core/Src/motor_control.c:168:6:Motor_Move_Cm	24	static
../Core/Src/motor_control.c:179:6:Motor_Turn_Degrees	24	static
../Core/Src/motor_control.c:195:9:Motor_IsMovementComplete	4	static
../Core/Src/motor_control.c:200:6:Motor_Control_Update	96	static
../Core/Src/motor_control.c:267:7:Motor_Get_Heading	4	static
../Core/Src/motor_control.c:280:6:Motor_Turn_Degrees_MPU	40	static
../Core/Src/motor_control.c:311:6:Motor_Drive_Square	24	static
