../Core/Src/motor_control.c:81:16:abs_int	16	static
../Core/Src/motor_control.c:85:14:normalize_angle_deg	16	static
../Core/Src/motor_control.c:91:16:apply_deadband	16	static
../Core/Src/motor_control.c:97:9:get_encoder_right	4	static
../Core/Src/motor_control.c:101:9:get_encoder_left	4	static
../Core/Src/motor_control.c:105:13:reset_pid	4	static
../Core/Src/motor_control.c:114:13:Motor_ServiceDelay	24	static
../Core/Src/motor_control.c:123:6:Motor_Control_Init	8	static
../Core/Src/motor_control.c:143:6:Motor_SetPWM_Right	16	static
../Core/Src/motor_control.c:159:6:Motor_SetPWM_Left	16	static
../Core/Src/motor_control.c:175:6:Motor_Control_Stop	8	static
../Core/Src/motor_control.c:185:6:Motor_Move_Cm	24	static
../Core/Src/motor_control.c:196:6:Motor_Turn_Degrees	24	static
../Core/Src/motor_control.c:212:9:Motor_IsMovementComplete	4	static
../Core/Src/motor_control.c:217:6:Motor_Control_Update	96	static
../Core/Src/motor_control.c:284:7:Motor_Get_Heading	4	static
../Core/Src/motor_control.c:297:6:Motor_Turn_Degrees_MPU	40	static
../Core/Src/motor_control.c:328:6:Motor_Drive_Square	24	static
