../Core/Src/motor_control.c:59:16:abs_int	16	static
../Core/Src/motor_control.c:63:14:normalize_angle_deg	16	static
../Core/Src/motor_control.c:71:14:clampf	24	static
../Core/Src/motor_control.c:79:16:apply_deadband	16	static
../Core/Src/motor_control.c:87:9:get_encoder_right	4	static
../Core/Src/motor_control.c:91:9:get_encoder_left	4	static
../Core/Src/motor_control.c:95:13:reset_pid	4	static
../Core/Src/motor_control.c:103:13:Motor_ServiceDelay	24	static
../Core/Src/motor_control.c:113:6:Motor_Control_Init	8	static
../Core/Src/motor_control.c:129:6:Motor_SetPWM_Right	16	static
../Core/Src/motor_control.c:151:6:Motor_SetPWM_Left	16	static
../Core/Src/motor_control.c:173:6:Motor_Control_Stop	8	static
../Core/Src/motor_control.c:184:6:Motor_Move_Cm	24	static
../Core/Src/motor_control.c:195:6:Motor_Turn_Degrees	24	static
../Core/Src/motor_control.c:211:9:Motor_IsMovementComplete	4	static
../Core/Src/motor_control.c:215:9:Motor_IsTurning	4	static
../Core/Src/motor_control.c:220:6:Motor_Control_Update	120	static
../Core/Src/motor_control.c:291:7:Motor_Get_Heading	4	static
../Core/Src/motor_control.c:310:6:Motor_Turn_Degrees_MPU	64	static
../Core/Src/motor_control.c:396:6:Motor_Turn_To_Heading	24	static
../Core/Src/motor_control.c:404:6:Motor_Move_Cm_Gyro	16	static
../Core/Src/motor_control.c:409:6:Motor_Drive_Square	24	static
