../Core/Src/motor_control.c:49:16:abs_int	16	static
../Core/Src/motor_control.c:53:16:apply_deadband	16	static
../Core/Src/motor_control.c:59:16:get_encoder_right	4	static
../Core/Src/motor_control.c:63:16:get_encoder_left	4	static
../Core/Src/motor_control.c:67:13:reset_pid	4	static
../Core/Src/motor_control.c:74:6:Motor_Control_Init	8	static
../Core/Src/motor_control.c:89:6:Motor_SetPWM_Right	16	static
../Core/Src/motor_control.c:105:6:Motor_SetPWM_Left	16	static
../Core/Src/motor_control.c:121:6:Motor_Control_Stop	8	static
../Core/Src/motor_control.c:131:6:Motor_Move_Cm	24	static
../Core/Src/motor_control.c:141:6:Motor_Turn_Degrees	24	static
../Core/Src/motor_control.c:160:9:Motor_IsMovementComplete	4	static
../Core/Src/motor_control.c:165:6:Motor_Control_Update	80	static
